
Linker Version 8.7.7.220718
Input Object File: c:\users\tech\desktop\powerlinetransceiver\output\STARTUP1_L.OBJ
Input Object File: c:\users\tech\desktop\powerlinetransceiver\output\MAIN.OBJ
Input Object File: c:\users\tech\desktop\powerlinetransceiver\output\GPIO.OBJ
Input Object File: c:\users\tech\desktop\powerlinetransceiver\output\RCC.OBJ
Input Object File: c:\users\tech\desktop\powerlinetransceiver\output\INTERRUPT.OBJ
Input Object File: c:\users\tech\desktop\powerlinetransceiver\output\BTM.OBJ
Input Object File: c:\users\tech\desktop\powerlinetransceiver\output\PTM.OBJ
Input Object File: c:\users\tech\desktop\powerlinetransceiver\output\STM.OBJ
Input Object File: c:\users\tech\desktop\powerlinetransceiver\output\PLT.OBJ
Input Object File: c:\users\tech\desktop\powerlinetransceiver\output\PLTSERIALPROTOCOL.OBJ
Input Object File: c:\users\tech\desktop\powerlinetransceiver\output\UART.OBJ
Input Object File: c:\users\tech\desktop\powerlinetransceiver\output\ADC.OBJ

Input Library File: C:\Program Files\Holtek MCU Development Tools\HT-IDE3000V8.x\LIB\LIBHOLTEKGCC.LIB
Input Library File: C:\Program Files\Holtek MCU Development Tools\HT-IDE3000V8.x\LIB\v3_lmrsc.lib


     Bank    Start     End      Length     Class    AvgIns    Name
     00h     0000h     0000h    0001h      CODE               @code (c:\users\tech\desktop\powerlinetransceiver\output\MAIN.OBJ)
     00h     0001h     0014h    0014h      CODE               @ROMDATA_BASE (c:\users\tech\desktop\powerlinetransceiver\output\STARTUP1_L.OBJ)
     00h     0015h     0035h    0021h      CODE               @start (c:\users\tech\desktop\powerlinetransceiver\output\MAIN.OBJ)
     00h     0036h     003ah    0005h      CODE               itodaz (C:\Program Files\Holtek MCU Development Tools\HT-IDE3000V8.x\LIB\LIBHOLTEKGCC.LIB)
     00h     003bh     007ah    0040h      CODE               _builtin_holtek_dtmul (C:\Program Files\Holtek MCU Development Tools\HT-IDE3000V8.x\LIB\LIBHOLTEKGCC.LIB)
     00h     007bh     00b6h    003ch      CODE               _builtin_holtek_dtdiv (C:\Program Files\Holtek MCU Development Tools\HT-IDE3000V8.x\LIB\LIBHOLTEKGCC.LIB)
     00h     00b7h     00f4h    003eh      CODE               @builtin_holtek_dtsubadd (C:\Program Files\Holtek MCU Development Tools\HT-IDE3000V8.x\LIB\LIBHOLTEKGCC.LIB)
     00h     00f5h     011fh    002bh      CODE               _builtin_holtek_dtol (C:\Program Files\Holtek MCU Development Tools\HT-IDE3000V8.x\LIB\LIBHOLTEKGCC.LIB)
     00h     0120h     0153h    0034h      CODE               _builtin_holtek_dtnorm (C:\Program Files\Holtek MCU Development Tools\HT-IDE3000V8.x\LIB\LIBHOLTEKGCC.LIB)
     00h     0154h     016bh    0018h      CODE               @builtin_holtek_dtdecode (C:\Program Files\Holtek MCU Development Tools\HT-IDE3000V8.x\LIB\LIBHOLTEKGCC.LIB)
     00h     016ch     0172h    0007h      CODE               _builtin_holtek_dtinf (C:\Program Files\Holtek MCU Development Tools\HT-IDE3000V8.x\LIB\LIBHOLTEKGCC.LIB)
     00h     0173h     0173h    0001h      CODE               @crom (c:\users\tech\desktop\powerlinetransceiver\output\MAIN.OBJ)
     00h     0174h     0187h    0014h      CODE               _main (c:\users\tech\desktop\powerlinetransceiver\output\MAIN.OBJ)
     00h     0188h     01a3h    001ch      CODE               _GPIO_Init (c:\users\tech\desktop\powerlinetransceiver\output\GPIO.OBJ)
     00h     01a4h     01a9h    0006h      CODE               _S_RCC_Init (c:\users\tech\desktop\powerlinetransceiver\output\RCC.OBJ)
     00h     01aah     01b5h    000ch      CODE               _S_Timebase_Init (c:\users\tech\desktop\powerlinetransceiver\output\RCC.OBJ)
     00h     01b6h     01b7h    0002h      CODE               _IntrruptInit (c:\users\tech\desktop\powerlinetransceiver\output\INTERRUPT.OBJ)
     00h     01b8h     01b8h    0001h      CODE               _EnableInterrupt (c:\users\tech\desktop\powerlinetransceiver\output\INTERRUPT.OBJ)
     00h     01b9h     01b9h    0001h      CODE               _DisableInterrupt (c:\users\tech\desktop\powerlinetransceiver\output\INTERRUPT.OBJ)
     00h     01bah     01bfh    0006h      CODE               _TimerBaseInit (c:\users\tech\desktop\powerlinetransceiver\output\BTM.OBJ)
     00h     01c0h     01dch    001dh      CODE               _PTimerInit (c:\users\tech\desktop\powerlinetransceiver\output\PTM.OBJ)
     00h     01ddh     01efh    0013h      CODE               _PWMSeter (c:\users\tech\desktop\powerlinetransceiver\output\PTM.OBJ)
     00h     01f0h     01fch    000dh      CODE               _readPTimer (c:\users\tech\desktop\powerlinetransceiver\output\PTM.OBJ)
     00h     01fdh     0210h    0014h      CODE               _STimerInit (c:\users\tech\desktop\powerlinetransceiver\output\STM.OBJ)
     00h     0211h     021dh    000dh      CODE               _readSTimer (c:\users\tech\desktop\powerlinetransceiver\output\STM.OBJ)
     00h     021eh     027eh    0061h      CODE               _PLT0InputOffsetCalibration (c:\users\tech\desktop\powerlinetransceiver\output\PLT.OBJ)
     00h     027fh     02deh    0060h      CODE               _PLT1InputOffsetCalibration (c:\users\tech\desktop\powerlinetransceiver\output\PLT.OBJ)
     00h     02dfh     02ebh    000dh      CODE               _PLT1Init (c:\users\tech\desktop\powerlinetransceiver\output\PLT.OBJ)
     00h     02ech     02f0h    0005h      CODE               _PLT0Recive (c:\users\tech\desktop\powerlinetransceiver\output\PLT.OBJ)
     00h     02f1h     02f5h    0005h      CODE               _PLT1Recive (c:\users\tech\desktop\powerlinetransceiver\output\PLT.OBJ)
     00h     02f6h     0355h    0060h      CODE               _PLT0AmplifierInputOffsetCalibration (c:\users\tech\desktop\powerlinetransceiver\output\PLT.OBJ)
     00h     0356h     0362h    000dh      CODE               _PLT0Init (c:\users\tech\desktop\powerlinetransceiver\output\PLT.OBJ)
     00h     0363h     0390h    002eh      CODE               _calculate_parity_and_checksum (c:\users\tech\desktop\powerlinetransceiver\output\PLTSERIALPROTOCOL.OBJ)
     00h     0391h     044eh    00beh      CODE               _PLT_SerialSend (c:\users\tech\desktop\powerlinetransceiver\output\PLTSERIALPROTOCOL.OBJ)
     00h     044fh     0453h    0005h      CODE               _PLT_SerialInit (c:\users\tech\desktop\powerlinetransceiver\output\PLTSERIALPROTOCOL.OBJ)
     00h     0454h     0486h    0033h      CODE               _PLT_HandelSerialTransmit (c:\users\tech\desktop\powerlinetransceiver\output\PLTSERIALPROTOCOL.OBJ)
     00h     0487h     0503h    007dh      CODE               _UART_Init (c:\users\tech\desktop\powerlinetransceiver\output\UART.OBJ)
     00h     0504h     0509h    0006h      CODE               _UART_Transmit (c:\users\tech\desktop\powerlinetransceiver\output\UART.OBJ)
     00h     050ah     0512h    0009h      CODE               _UART_Receive (c:\users\tech\desktop\powerlinetransceiver\output\UART.OBJ)
     00h     0513h     0522h    0010h      CODE               _UART_EnableInterrupts (c:\users\tech\desktop\powerlinetransceiver\output\UART.OBJ)
     00h     0523h     0534h    0012h      CODE               _UART_DisableInterrupts (c:\users\tech\desktop\powerlinetransceiver\output\UART.OBJ)
     00h     0535h     053ah    0006h      CODE               _S_ADC_Init (c:\users\tech\desktop\powerlinetransceiver\output\ADC.OBJ)
     00h     053bh     059ah    0060h      CODE               _S_READ_ADC (c:\users\tech\desktop\powerlinetransceiver\output\ADC.OBJ)
     00h     059bh     05a4h    000ah      CODE               __DELAYX (C:\Program Files\Holtek MCU Development Tools\HT-IDE3000V8.x\LIB\LIBHOLTEKGCC.LIB)
     00h     05a5h     05b2h    000eh      CODE               _CROM2PROM (CROM2PROM)
     00h     0080h     0080h    0001h      DATA     51        @data_ra (C:\Program Files\Holtek MCU Development Tools\HT-IDE3000V8.x\LIB\LIBHOLTEKGCC.LIB)
     00h     0081h     0081h    0001h      DATA     87        @data_rb (C:\Program Files\Holtek MCU Development Tools\HT-IDE3000V8.x\LIB\LIBHOLTEKGCC.LIB)
     00h     0082h     0082h    0001h      DATA     70        @data_rc (C:\Program Files\Holtek MCU Development Tools\HT-IDE3000V8.x\LIB\LIBHOLTEKGCC.LIB)
     00h     0083h     0083h    0001h      DATA     60        @data_rd (C:\Program Files\Holtek MCU Development Tools\HT-IDE3000V8.x\LIB\LIBHOLTEKGCC.LIB)
     00h     0084h     0084h    0001h      DATA     58        @data_re (C:\Program Files\Holtek MCU Development Tools\HT-IDE3000V8.x\LIB\LIBHOLTEKGCC.LIB)
     00h     0085h     0085h    0001h      DATA     44        @data_rf (C:\Program Files\Holtek MCU Development Tools\HT-IDE3000V8.x\LIB\LIBHOLTEKGCC.LIB)
     00h     0086h     0086h    0001h      DATA     40        @data_rg (C:\Program Files\Holtek MCU Development Tools\HT-IDE3000V8.x\LIB\LIBHOLTEKGCC.LIB)
     00h     0087h     0087h    0001h      DATA     8         @data_rh (C:\Program Files\Holtek MCU Development Tools\HT-IDE3000V8.x\LIB\LIBHOLTEKGCC.LIB)
     00h     0088h     008dh    0006h      DATA     23.667    ftdata1 (C:\Program Files\Holtek MCU Development Tools\HT-IDE3000V8.x\LIB\LIBHOLTEKGCC.LIB)
     00h     008eh     0090h    0003h      DATA     19.667    dtdata (C:\Program Files\Holtek MCU Development Tools\HT-IDE3000V8.x\LIB\LIBHOLTEKGCC.LIB)
     00h     0091h     0097h    0007h      DATA     10.143    ftdata2 (C:\Program Files\Holtek MCU Development Tools\HT-IDE3000V8.x\LIB\LIBHOLTEKGCC.LIB)
     00h     00b3h     00b3h    0001h      DATA     3         @HCCINIT_tx_busy (c:\users\tech\desktop\powerlinetransceiver\output\MAIN.OBJ)
     00h     00b4h     00b5h    0002h      DATA     3         @HCCINIT___value_1943 (c:\users\tech\desktop\powerlinetransceiver\output\PLT.OBJ)
     00h     00b6h     00b7h    0002h      DATA     3         @HCCINIT___value_1918 (c:\users\tech\desktop\powerlinetransceiver\output\PLT.OBJ)
     00h     00b8h     00b9h    0002h      DATA     3         @HCCINIT___value_1907 (c:\users\tech\desktop\powerlinetransceiver\output\PLT.OBJ)
     00h     00bah     00bbh    0002h      DATA     3         @HCCINIT_VC0OS1 (c:\users\tech\desktop\powerlinetransceiver\output\PLT.OBJ)
     00h     00bch     00bdh    0002h      DATA     2         @HCCINIT_VC0OS2 (c:\users\tech\desktop\powerlinetransceiver\output\PLT.OBJ)
     00h     00beh     00bfh    0002h      DATA     1         @HCCINIT_VC1OS2 (c:\users\tech\desktop\powerlinetransceiver\output\PLT.OBJ)
     00h     00c0h     00c1h    0002h      DATA     1         @HCCINIT_VC1OS1 (c:\users\tech\desktop\powerlinetransceiver\output\PLT.OBJ)
     00h     00c2h     00c3h    0002h      DATA     0         @HCCINIT_RXBuffer (c:\users\tech\desktop\powerlinetransceiver\output\MAIN.OBJ)
     00h     00c4h     00c5h    0002h      DATA     0         @HCCINIT_offset1 (c:\users\tech\desktop\powerlinetransceiver\output\MAIN.OBJ)
     00h     00c6h     00c7h    0002h      DATA     0         @HCCINIT_offset0 (c:\users\tech\desktop\powerlinetransceiver\output\MAIN.OBJ)
     00h     00c8h     00c8h    0001h      DATA     0         @HCCINIT_RXbit (c:\users\tech\desktop\powerlinetransceiver\output\MAIN.OBJ)
     00h     00c9h     00cah    0002h      DATA     0         @HCCINIT_frame1 (c:\users\tech\desktop\powerlinetransceiver\output\MAIN.OBJ)
     00h     00cbh     00cch    0002h      DATA     0         @HCCINIT_frameResive (c:\users\tech\desktop\powerlinetransceiver\output\MAIN.OBJ)
     00h     00cdh     00cdh    0001h      DATA     0         @HCCINIT_bit_index (c:\users\tech\desktop\powerlinetransceiver\output\MAIN.OBJ)
     00h     00ceh     00ceh    0001h      DATA     0         @HCCINIT_tx_data (c:\users\tech\desktop\powerlinetransceiver\output\MAIN.OBJ)
     00h     00cfh     00cfh    0001h      DATA     0         @HCCINIT_counterR (c:\users\tech\desktop\powerlinetransceiver\output\MAIN.OBJ)
     00h     00d0h     00d1h    0002h      DATA     0         @HCCINIT_counter (c:\users\tech\desktop\powerlinetransceiver\output\MAIN.OBJ)
     00h     00d2h     00d2h    0001h      DATA     0         @HCCINIT_txCounter (c:\users\tech\desktop\powerlinetransceiver\output\PLTSERIALPROTOCOL.OBJ)
     00h     00d3h     00d3h    0001h      DATA     0         @HCCINIT_TranferBit (c:\users\tech\desktop\powerlinetransceiver\output\PLTSERIALPROTOCOL.OBJ)
     00h     00d4h     00d4h    0001h      DATA     0         @HCCINIT_IndexOfBit (c:\users\tech\desktop\powerlinetransceiver\output\PLTSERIALPROTOCOL.OBJ)
     00h     00d5h     00d6h    0002h      DATA     2         @HCCINIT0_frame (c:\users\tech\desktop\powerlinetransceiver\output\MAIN.OBJ)
     00h     00d7h     00e6h    0010h      DATA     0         @HCCINIT0_Data (c:\users\tech\desktop\powerlinetransceiver\output\MAIN.OBJ)
     00h     00e7h     00e8h    0002h      DATA     0         @HCCINIT0_Data1 (c:\users\tech\desktop\powerlinetransceiver\output\MAIN.OBJ)
     00h     00e9h     00eah    0002h      DATA     0         @HCCINIT0_timerCuonter (c:\users\tech\desktop\powerlinetransceiver\output\PLTSERIALPROTOCOL.OBJ)

     Local Sections

     Bank    Start     End      Length     Class    AvgIns    Name
     00h     009ah     009ah    0000h      LOCAL    0         @dummy (c:\users\tech\desktop\powerlinetransceiver\output\MAIN.OBJ)
     00h     009ah     009ah    0000h      LOCAL    0         _main (c:\users\tech\desktop\powerlinetransceiver\output\MAIN.OBJ)
     00h     0098h     0098h    0000h      LOCAL    0         _S_RCC_Init (c:\users\tech\desktop\powerlinetransceiver\output\RCC.OBJ)
     00h     0098h     0098h    0000h      LOCAL    0         _IntrruptInit (c:\users\tech\desktop\powerlinetransceiver\output\INTERRUPT.OBJ)
     00h     0098h     0098h    0000h      LOCAL    0         _GPIO_Init (c:\users\tech\desktop\powerlinetransceiver\output\GPIO.OBJ)
     00h     0098h     0099h    0002h      LOCAL    2         _UART_Init (c:\users\tech\desktop\powerlinetransceiver\output\UART.OBJ)
     00h     0098h     0098h    0000h      LOCAL    0         _builtin_holtek_uitod (C:\Program Files\Holtek MCU Development Tools\HT-IDE3000V8.x\LIB\LIBHOLTEKGCC.LIB)
     00h     0098h     0098h    0000h      LOCAL    0         _builtin_holtek_dtmul (C:\Program Files\Holtek MCU Development Tools\HT-IDE3000V8.x\LIB\LIBHOLTEKGCC.LIB)
     00h     0098h     0098h    0000h      LOCAL    0         _builtin_holtek_dtdecode (C:\Program Files\Holtek MCU Development Tools\HT-IDE3000V8.x\LIB\LIBHOLTEKGCC.LIB)
     00h     0098h     0098h    0000h      LOCAL    0         _builtin_holtek_dtdiv (C:\Program Files\Holtek MCU Development Tools\HT-IDE3000V8.x\LIB\LIBHOLTEKGCC.LIB)
     00h     0098h     0098h    0000h      LOCAL    0         _builtin_holtek_dtsubadd (C:\Program Files\Holtek MCU Development Tools\HT-IDE3000V8.x\LIB\LIBHOLTEKGCC.LIB)
     00h     0098h     0098h    0000h      LOCAL    0         _builtin_holtek_dtol (C:\Program Files\Holtek MCU Development Tools\HT-IDE3000V8.x\LIB\LIBHOLTEKGCC.LIB)
     00h     0098h     0098h    0001h      LOCAL    2         _UART_Transmit (c:\users\tech\desktop\powerlinetransceiver\output\UART.OBJ)
     00h     0098h     0098h    0000h      LOCAL    0         __DELAYX (C:\Program Files\Holtek MCU Development Tools\HT-IDE3000V8.x\LIB\LIBHOLTEKGCC.LIB)
     00h     0098h     0098h    0000h      LOCAL    0         _PLT1Init (c:\users\tech\desktop\powerlinetransceiver\output\PLT.OBJ)
     00h     0098h     0098h    0000h      LOCAL    0         _PLT1InputOffsetCalibration (c:\users\tech\desktop\powerlinetransceiver\output\PLT.OBJ)
     00h     0098h     0098h    0000h      LOCAL    0         _PLT0Init (c:\users\tech\desktop\powerlinetransceiver\output\PLT.OBJ)
     00h     0098h     0098h    0000h      LOCAL    0         _PLT0InputOffsetCalibration (c:\users\tech\desktop\powerlinetransceiver\output\PLT.OBJ)
     00h     0098h     0098h    0000h      LOCAL    0         _PLT0AmplifierInputOffsetCalibration (c:\users\tech\desktop\powerlinetransceiver\output\PLT.OBJ)
     00h     009fh     00b2h    0014h      LOCAL    1.45      _PLT_SerialSend (c:\users\tech\desktop\powerlinetransceiver\output\PLTSERIALPROTOCOL.OBJ)
     00h     0098h     0098h    0000h      LOCAL    0         _Crom2Prom (CROM2PROM)
     00h     0098h     009eh    0007h      LOCAL    2         _calculate_parity_and_checksum (c:\users\tech\desktop\powerlinetransceiver\output\PLTSERIALPROTOCOL.OBJ)
     00h     0098h     0098h    0001h      LOCAL    0         _EnableInterrupt (c:\users\tech\desktop\powerlinetransceiver\output\INTERRUPT.OBJ)
     00h     0099h     0099h    0000h      LOCAL    0         _PLT_HandelSerialTransmit (c:\users\tech\desktop\powerlinetransceiver\output\PLTSERIALPROTOCOL.OBJ)
     00h     0098h     0098h    0001h      LOCAL    0         _DisableInterrupt (c:\users\tech\desktop\powerlinetransceiver\output\INTERRUPT.OBJ)
     00h     0098h     0098h    0001h      LOCAL    1         _S_READ_ADC (c:\users\tech\desktop\powerlinetransceiver\output\ADC.OBJ)

     Indepentent Local Sections

     Bank    Start     End      Length     Class    AvgIns    Name
     00h     0098h     0098h    0000h      ILOCAL   0         _S_Timebase_Init (c:\users\tech\desktop\powerlinetransceiver\output\RCC.OBJ)
     00h     0098h     0098h    0000h      ILOCAL   0         _TimerBaseInit (c:\users\tech\desktop\powerlinetransceiver\output\BTM.OBJ)
     00h     0098h     0098h    0000h      ILOCAL   0         _PTimerInit (c:\users\tech\desktop\powerlinetransceiver\output\PTM.OBJ)
     00h     0098h     0098h    0001h      ILOCAL   2         _PWMSeter (c:\users\tech\desktop\powerlinetransceiver\output\PTM.OBJ)
     00h     0098h     0098h    0000h      ILOCAL   0         _readPTimer (c:\users\tech\desktop\powerlinetransceiver\output\PTM.OBJ)
     00h     0098h     0098h    0000h      ILOCAL   0         _STimerInit (c:\users\tech\desktop\powerlinetransceiver\output\STM.OBJ)
     00h     0098h     0098h    0000h      ILOCAL   0         _readSTimer (c:\users\tech\desktop\powerlinetransceiver\output\STM.OBJ)
     00h     0098h     0098h    0000h      ILOCAL   0         _PLT0Recive (c:\users\tech\desktop\powerlinetransceiver\output\PLT.OBJ)
     00h     0098h     0098h    0000h      ILOCAL   0         _PLT1Recive (c:\users\tech\desktop\powerlinetransceiver\output\PLT.OBJ)
     00h     0098h     0099h    0002h      ILOCAL   0         _PLT_SerialInit (c:\users\tech\desktop\powerlinetransceiver\output\PLTSERIALPROTOCOL.OBJ)
     00h     0098h     0098h    0000h      ILOCAL   0         _UART_Receive (c:\users\tech\desktop\powerlinetransceiver\output\UART.OBJ)
     00h     0098h     0098h    0000h      ILOCAL   0         _UART_EnableInterrupts (c:\users\tech\desktop\powerlinetransceiver\output\UART.OBJ)
     00h     0098h     0098h    0000h      ILOCAL   0         _UART_DisableInterrupts (c:\users\tech\desktop\powerlinetransceiver\output\UART.OBJ)
     00h     0098h     0098h    0000h      ILOCAL   0         _S_ADC_Init (c:\users\tech\desktop\powerlinetransceiver\output\ADC.OBJ)
     00h     0098h     0098h    0000h      ILOCAL   0         _builtin_holtek_dtnorm (C:\Program Files\Holtek MCU Development Tools\HT-IDE3000V8.x\LIB\LIBHOLTEKGCC.LIB)
     00h     0098h     0098h    0000h      ILOCAL   0         _builtin_holtek_dtinf (C:\Program Files\Holtek MCU Development Tools\HT-IDE3000V8.x\LIB\LIBHOLTEKGCC.LIB)

     Public Symbols Information
     Address            Public by Name
     05a5h              _Crom2Prom
     05a5h              _Crom2PromNext
     00d7h              _Data
     00e7h              _Data1
     01b9h              _DisableInterrupt
     01b8h              _EnableInterrupt
     0188h              _GPIO_Init
     00d4h              _IndexOfBit
     01b6h              _IntrruptInit
     02f6h              _PLT0AmplifierInputOffsetCalibration
     0356h              _PLT0Init
     021eh              _PLT0InputOffsetCalibration
     02ech              _PLT0Recive
     02dfh              _PLT1Init
     027fh              _PLT1InputOffsetCalibration
     02f1h              _PLT1Recive
     0454h              _PLT_HandelSerialTransmit
     044fh              _PLT_SerialInit
     0391h              _PLT_SerialSend
     009fh              _PLT_SerialSend_2
     01c0h              _PTimerInit
     01ddh              _PWMSeter
     00c2h              _RXBuffer
     00c8h              _RXbit
     01fdh              _STimerInit
     0535h              _S_ADC_Init
     01a4h              _S_RCC_Init
     053bh              _S_READ_ADC
     01aah              _S_Timebase_Init
     01bah              _TimerBaseInit
     00d3h              _TranferBit
     0523h              _UART_DisableInterrupts
     0513h              _UART_EnableInterrupts
     0487h              _UART_Init
     050ah              _UART_Receive
     0504h              _UART_Transmit
     00bah              _VC0OS1
     00bch              _VC0OS2
     00c0h              _VC1OS1
     00beh              _VC1OS2
     059eh              __DELAYX0
     059dh              __DELAYX1
     059dh              __DELAYX2
     059ch              __DELAYX3
     059ch              __DELAYX4
     059bh              __DELAYX5
     059bh              __DELAYX6
     00cdh              _bit_index
     00b9h              _builtin_holtek_dtadd
     015fh              _builtin_holtek_dtdecode1
     0154h              _builtin_holtek_dtdecode2
     007bh              _builtin_holtek_dtdiv
     016ch              _builtin_holtek_dtinf
     003bh              _builtin_holtek_dtmul
     0120h              _builtin_holtek_dtnorm
     00f5h              _builtin_holtek_dtol
     00b7h              _builtin_holtek_dtsub
     0167h              _builtin_holtek_dtzero
     016ah              _builtin_holtek_dtzero1
     008bh              _builtin_holtek_exp1
     0094h              _builtin_holtek_exp2
     008dh              _builtin_holtek_floatflag
     0088h              _builtin_holtek_mant1
     008eh              _builtin_holtek_mant12p
     0091h              _builtin_holtek_mant2
     0095h              _builtin_holtek_prod
     008ch              _builtin_holtek_signs
     0036h              _builtin_holtek_uitod
     0363h              _calculate_parity_and_checksum
     0099h              _calculate_parity_and_checksum_2
     00d0h              _counter
     00cfh              _counterR
     00d5h              _frame
     00c9h              _frame1
     00cbh              _frameResive
     0174h              _main
     00c6h              _offset0
     00c4h              _offset1
     01f0h              _readPTimer
     0211h              _readSTimer
     00e9h              _timerCuonter
     00d2h              _txCounter
     00b3h              _tx_busy
     00ceh              _tx_data
     0080h              ra
     0081h              rb
     0082h              rc
     0083h              rd
     0084h              re
     0085h              rf
     0086h              rg
     0087h              rh
     0000h              startup_value_1

     Address            Public by Value
     0000h              startup_value_1
     0036h              _builtin_holtek_uitod
     003bh              _builtin_holtek_dtmul
     007bh              _builtin_holtek_dtdiv
     0080h              ra
     0081h              rb
     0082h              rc
     0083h              rd
     0084h              re
     0085h              rf
     0086h              rg
     0087h              rh
     0088h              _builtin_holtek_mant1
     008bh              _builtin_holtek_exp1
     008ch              _builtin_holtek_signs
     008dh              _builtin_holtek_floatflag
     008eh              _builtin_holtek_mant12p
     0091h              _builtin_holtek_mant2
     0094h              _builtin_holtek_exp2
     0095h              _builtin_holtek_prod
     0099h              _calculate_parity_and_checksum_2
     009fh              _PLT_SerialSend_2
     00b3h              _tx_busy
     00b7h              _builtin_holtek_dtsub
     00b9h              _builtin_holtek_dtadd
     00bah              _VC0OS1
     00bch              _VC0OS2
     00beh              _VC1OS2
     00c0h              _VC1OS1
     00c2h              _RXBuffer
     00c4h              _offset1
     00c6h              _offset0
     00c8h              _RXbit
     00c9h              _frame1
     00cbh              _frameResive
     00cdh              _bit_index
     00ceh              _tx_data
     00cfh              _counterR
     00d0h              _counter
     00d2h              _txCounter
     00d3h              _TranferBit
     00d4h              _IndexOfBit
     00d5h              _frame
     00d7h              _Data
     00e7h              _Data1
     00e9h              _timerCuonter
     00f5h              _builtin_holtek_dtol
     0120h              _builtin_holtek_dtnorm
     0154h              _builtin_holtek_dtdecode2
     015fh              _builtin_holtek_dtdecode1
     0167h              _builtin_holtek_dtzero
     016ah              _builtin_holtek_dtzero1
     016ch              _builtin_holtek_dtinf
     0174h              _main
     0188h              _GPIO_Init
     01a4h              _S_RCC_Init
     01aah              _S_Timebase_Init
     01b6h              _IntrruptInit
     01b8h              _EnableInterrupt
     01b9h              _DisableInterrupt
     01bah              _TimerBaseInit
     01c0h              _PTimerInit
     01ddh              _PWMSeter
     01f0h              _readPTimer
     01fdh              _STimerInit
     0211h              _readSTimer
     021eh              _PLT0InputOffsetCalibration
     027fh              _PLT1InputOffsetCalibration
     02dfh              _PLT1Init
     02ech              _PLT0Recive
     02f1h              _PLT1Recive
     02f6h              _PLT0AmplifierInputOffsetCalibration
     0356h              _PLT0Init
     0363h              _calculate_parity_and_checksum
     0391h              _PLT_SerialSend
     044fh              _PLT_SerialInit
     0454h              _PLT_HandelSerialTransmit
     0487h              _UART_Init
     0504h              _UART_Transmit
     050ah              _UART_Receive
     0513h              _UART_EnableInterrupts
     0523h              _UART_DisableInterrupts
     0535h              _S_ADC_Init
     053bh              _S_READ_ADC
     059bh              __DELAYX5
     059bh              __DELAYX6
     059ch              __DELAYX3
     059ch              __DELAYX4
     059dh              __DELAYX1
     059dh              __DELAYX2
     059eh              __DELAYX0
     05a5h              _Crom2PromNext
     05a5h              _Crom2Prom


ROM Usage Statistics
     Size      Used     Percentage
     1000h     05b3h    35%

RAM Usage Statistics
    Bank      Size      Used     Percentage
     00h       0080h     006bh    83%
     01h       0080h     0000h    0%
     Total     0100h     006bh    41%

Use Stack Count
_main: 3
_PLT1Init: 1
_PLT0Init: 1
_PLT_SerialSend: 2
_PLT_HandelSerialTransmit: 1
_S_READ_ADC: 1

Call Tree
    @dummy
        _main (0)
            _S_RCC_Init (1)
            _IntrruptInit (1)
            _GPIO_Init (1)
            _UART_Init (1)
                _builtin_holtek_uitod (2)
                _builtin_holtek_dtmul (2)
                    _builtin_holtek_dtdecode (3)
                _builtin_holtek_dtdiv (2)
                    _builtin_holtek_dtdecode (3)
                _builtin_holtek_dtsubadd (2)
                    _builtin_holtek_dtdecode (3)
                _builtin_holtek_dtol (2)
                    _builtin_holtek_dtdecode (3)
            _UART_Transmit (1)
            __DELAYX (1)
    _PLT1Init
        _PLT1InputOffsetCalibration (0)
    _PLT0Init
        _PLT0InputOffsetCalibration (0)
        _PLT0AmplifierInputOffsetCalibration (0)
    _PLT_SerialSend
        _Crom2Prom (0)
        _calculate_parity_and_checksum (0)
            _Crom2Prom (1)
        _EnableInterrupt (0)
    _PLT_HandelSerialTransmit
        _Crom2Prom (0)
        _Crom2Prom (0)
        _DisableInterrupt (0)
    _S_READ_ADC
        __DELAYX (0)

HLINK: Program entry point at section '@code' (address 0) of file 'c:\users\tech\desktop\powerlinetransceiver\output\MAIN.OBJ'

Total 0 error(s), Total 0 Warning(s)
