
Linker Version 8.7.7.220718
Input Object File: c:\users\tech\desktop\powerlinetransceiver\output\STARTUP1_L.OBJ
Input Object File: c:\users\tech\desktop\powerlinetransceiver\output\MAIN.OBJ
Input Object File: c:\users\tech\desktop\powerlinetransceiver\output\GPIO.OBJ
Input Object File: c:\users\tech\desktop\powerlinetransceiver\output\RCC.OBJ
Input Object File: c:\users\tech\desktop\powerlinetransceiver\output\INTERRUPT.OBJ
Input Object File: c:\users\tech\desktop\powerlinetransceiver\output\BTM.OBJ
Input Object File: c:\users\tech\desktop\powerlinetransceiver\output\PTM.OBJ
Input Object File: c:\users\tech\desktop\powerlinetransceiver\output\STM.OBJ
Input Object File: c:\users\tech\desktop\powerlinetransceiver\output\PLT.OBJ
Input Object File: c:\users\tech\desktop\powerlinetransceiver\output\PLTSERIALPROTOCOL.OBJ
Input Object File: c:\users\tech\desktop\powerlinetransceiver\output\UART.OBJ
Input Object File: c:\users\tech\desktop\powerlinetransceiver\output\ADC.OBJ
Input Object File: c:\users\tech\desktop\powerlinetransceiver\output\SMOKEDETECTOR.OBJ
Input Object File: c:\users\tech\desktop\powerlinetransceiver\output\NTC.OBJ

Input Library File: C:\Program Files\Holtek MCU Development Tools\HT-IDE3000V8.x\LIB\LIBHOLTEKGCC.LIB
Input Library File: C:\Program Files\Holtek MCU Development Tools\HT-IDE3000V8.x\LIB\v3_lmrsc.lib


     Bank    Start     End      Length     Class    AvgIns    Name
     00h     0000h     0000h    0001h      CODE               @code (c:\users\tech\desktop\powerlinetransceiver\output\MAIN.OBJ)
     00h     0001h     0001h    0001h      CODE               _ResetAlarm (c:\users\tech\desktop\powerlinetransceiver\output\SMOKEDETECTOR.OBJ)
     00h     0004h     0007h    0004h      CODE               @PLT0CompairISR_code (c:\users\tech\desktop\powerlinetransceiver\output\INTERRUPT.OBJ)
     00h     0008h     0020h    0019h      CODE               @ROMDATA_BASE (c:\users\tech\desktop\powerlinetransceiver\output\STARTUP1_L.OBJ)
     00h     0021h     0036h    0016h      CODE               @builtin_holtek_ftdecode (C:\Program Files\Holtek MCU Development Tools\HT-IDE3000V8.x\LIB\LIBHOLTEKGCC.LIB)
     00h     0037h     0037h    0001h      CODE               _TriggerAlarm (c:\users\tech\desktop\powerlinetransceiver\output\SMOKEDETECTOR.OBJ)
     00h     0038h     003bh    0004h      CODE               @PLT1CompairISR_code (c:\users\tech\desktop\powerlinetransceiver\output\INTERRUPT.OBJ)
     00h     003ch     005ch    0021h      CODE               @start (c:\users\tech\desktop\powerlinetransceiver\output\MAIN.OBJ)
     00h     005dh     009ch    0040h      CODE               _builtin_holtek_dtmul (C:\Program Files\Holtek MCU Development Tools\HT-IDE3000V8.x\LIB\LIBHOLTEKGCC.LIB)
     00h     009dh     00d8h    003ch      CODE               _builtin_holtek_dtdiv (C:\Program Files\Holtek MCU Development Tools\HT-IDE3000V8.x\LIB\LIBHOLTEKGCC.LIB)
     00h     00d9h     0116h    003eh      CODE               @builtin_holtek_dtsubadd (C:\Program Files\Holtek MCU Development Tools\HT-IDE3000V8.x\LIB\LIBHOLTEKGCC.LIB)
     00h     0117h     0141h    002bh      CODE               _builtin_holtek_dtol (C:\Program Files\Holtek MCU Development Tools\HT-IDE3000V8.x\LIB\LIBHOLTEKGCC.LIB)
     00h     0142h     0175h    0034h      CODE               @builtin_holtek_ftsubadd (C:\Program Files\Holtek MCU Development Tools\HT-IDE3000V8.x\LIB\LIBHOLTEKGCC.LIB)
     00h     0176h     01a7h    0032h      CODE               _builtin_holtek_ftdiv (C:\Program Files\Holtek MCU Development Tools\HT-IDE3000V8.x\LIB\LIBHOLTEKGCC.LIB)
     00h     01a8h     01dch    0035h      CODE               _builtin_holtek_ftmul (C:\Program Files\Holtek MCU Development Tools\HT-IDE3000V8.x\LIB\LIBHOLTEKGCC.LIB)
     00h     01ddh     0210h    0034h      CODE               _builtin_holtek_dtnorm (C:\Program Files\Holtek MCU Development Tools\HT-IDE3000V8.x\LIB\LIBHOLTEKGCC.LIB)
     00h     0211h     0228h    0018h      CODE               @builtin_holtek_dtdecode (C:\Program Files\Holtek MCU Development Tools\HT-IDE3000V8.x\LIB\LIBHOLTEKGCC.LIB)
     00h     0229h     0257h    002fh      CODE               _builtin_holtek_ftnorm (C:\Program Files\Holtek MCU Development Tools\HT-IDE3000V8.x\LIB\LIBHOLTEKGCC.LIB)
     00h     0258h     025eh    0007h      CODE               _builtin_holtek_dtinf (C:\Program Files\Holtek MCU Development Tools\HT-IDE3000V8.x\LIB\LIBHOLTEKGCC.LIB)
     00h     025fh     0264h    0006h      CODE               _builtin_holtek_ftinf (C:\Program Files\Holtek MCU Development Tools\HT-IDE3000V8.x\LIB\LIBHOLTEKGCC.LIB)
     00h     0265h     0272h    000eh      CODE               itodaz (C:\Program Files\Holtek MCU Development Tools\HT-IDE3000V8.x\LIB\LIBHOLTEKGCC.LIB)
     00h     0273h     034ah    00d8h      CODE               _main (c:\users\tech\desktop\powerlinetransceiver\output\MAIN.OBJ)
     00h     034bh     0367h    001dh      CODE               _UART_ReceiveString (c:\users\tech\desktop\powerlinetransceiver\output\MAIN.OBJ)
     00h     0368h     0395h    002eh      CODE               _S_GPIO_Init (c:\users\tech\desktop\powerlinetransceiver\output\GPIO.OBJ)
     00h     0396h     039bh    0006h      CODE               _S_RCC_Init (c:\users\tech\desktop\powerlinetransceiver\output\RCC.OBJ)
     00h     039ch     03a7h    000ch      CODE               _S_Timebase_Init (c:\users\tech\desktop\powerlinetransceiver\output\RCC.OBJ)
     00h     03a8h     03abh    0004h      CODE               _IntrruptInit (c:\users\tech\desktop\powerlinetransceiver\output\INTERRUPT.OBJ)
     00h     03ach     03b9h    000eh      CODE               _EnableInterrupt (c:\users\tech\desktop\powerlinetransceiver\output\INTERRUPT.OBJ)
     00h     03bah     03c7h    000eh      CODE               _DisableInterrupt (c:\users\tech\desktop\powerlinetransceiver\output\INTERRUPT.OBJ)
     00h     03c8h     03cch    0005h      CODE               _PLT1CompairISR (c:\users\tech\desktop\powerlinetransceiver\output\INTERRUPT.OBJ)
     00h     03cdh     03d1h    0005h      CODE               _PLT0CompairISR (c:\users\tech\desktop\powerlinetransceiver\output\INTERRUPT.OBJ)
     00h     03d2h     03d7h    0006h      CODE               _TimerBaseInit (c:\users\tech\desktop\powerlinetransceiver\output\BTM.OBJ)
     00h     03d8h     03f4h    001dh      CODE               _PTimerInit (c:\users\tech\desktop\powerlinetransceiver\output\PTM.OBJ)
     00h     03f5h     0407h    0013h      CODE               _PWMSeter (c:\users\tech\desktop\powerlinetransceiver\output\PTM.OBJ)
     00h     0408h     0414h    000dh      CODE               _readPTimer (c:\users\tech\desktop\powerlinetransceiver\output\PTM.OBJ)
     00h     0415h     0428h    0014h      CODE               _STimerInit (c:\users\tech\desktop\powerlinetransceiver\output\STM.OBJ)
     00h     0429h     0435h    000dh      CODE               _readSTimer (c:\users\tech\desktop\powerlinetransceiver\output\STM.OBJ)
     00h     0436h     0496h    0061h      CODE               _PLT0InputOffsetCalibration (c:\users\tech\desktop\powerlinetransceiver\output\PLT.OBJ)
     00h     0497h     04f6h    0060h      CODE               _PLT1InputOffsetCalibration (c:\users\tech\desktop\powerlinetransceiver\output\PLT.OBJ)
     00h     04f7h     0557h    0061h      CODE               _PLTAInputOffsetCalibration (c:\users\tech\desktop\powerlinetransceiver\output\PLT.OBJ)
     00h     0558h     0564h    000dh      CODE               _PLT1Init (c:\users\tech\desktop\powerlinetransceiver\output\PLT.OBJ)
     00h     0565h     0571h    000dh      CODE               _PLTAInit (c:\users\tech\desktop\powerlinetransceiver\output\PLT.OBJ)
     00h     0572h     0576h    0005h      CODE               _PLT0Recive (c:\users\tech\desktop\powerlinetransceiver\output\PLT.OBJ)
     00h     0577h     057bh    0005h      CODE               _PLT1Recive (c:\users\tech\desktop\powerlinetransceiver\output\PLT.OBJ)
     00h     057ch     05dbh    0060h      CODE               _PLT0AmplifierInputOffsetCalibration (c:\users\tech\desktop\powerlinetransceiver\output\PLT.OBJ)
     00h     05dch     05e8h    000dh      CODE               _PLT0Init (c:\users\tech\desktop\powerlinetransceiver\output\PLT.OBJ)
     00h     05e9h     0616h    002eh      CODE               _calculate_parity_and_checksum (c:\users\tech\desktop\powerlinetransceiver\output\PLTSERIALPROTOCOL.OBJ)
     00h     0617h     06b5h    009fh      CODE               _PLT_SerialSend (c:\users\tech\desktop\powerlinetransceiver\output\PLTSERIALPROTOCOL.OBJ)
     00h     06b6h     06bah    0005h      CODE               _PLT_SerialInit (c:\users\tech\desktop\powerlinetransceiver\output\PLTSERIALPROTOCOL.OBJ)
     00h     06bbh     06edh    0033h      CODE               _PLT_HandelSerialTransmit (c:\users\tech\desktop\powerlinetransceiver\output\PLTSERIALPROTOCOL.OBJ)
     00h     06eeh     076dh    0080h      CODE               _UART_Init (c:\users\tech\desktop\powerlinetransceiver\output\UART.OBJ)
     00h     076eh     0773h    0006h      CODE               _UART_Transmit (c:\users\tech\desktop\powerlinetransceiver\output\UART.OBJ)
     00h     0774h     0790h    001dh      CODE               _UART_StringTransmit (c:\users\tech\desktop\powerlinetransceiver\output\UART.OBJ)
     00h     0791h     07abh    001bh      CODE               _UART_Receive (c:\users\tech\desktop\powerlinetransceiver\output\UART.OBJ)
     00h     07ach     07b4h    0009h      CODE               _UART_ReceiveNonBlocking (c:\users\tech\desktop\powerlinetransceiver\output\UART.OBJ)
     00h     07b5h     07bah    0006h      CODE               _UART_EnableInterrupts (c:\users\tech\desktop\powerlinetransceiver\output\UART.OBJ)
     00h     07bbh     07cch    0012h      CODE               _UART_DisableInterrupts (c:\users\tech\desktop\powerlinetransceiver\output\UART.OBJ)
     00h     07cdh     07d3h    0007h      CODE               _ADCInit (c:\users\tech\desktop\powerlinetransceiver\output\ADC.OBJ)
     00h     07d4h     0844h    0071h      CODE               _ReadADC (c:\users\tech\desktop\powerlinetransceiver\output\ADC.OBJ)
     00h     0845h     0851h    000dh      CODE               _InitOPA (c:\users\tech\desktop\powerlinetransceiver\output\SMOKEDETECTOR.OBJ)
     00h     0852h     085fh    000eh      CODE               _InitISINK (c:\users\tech\desktop\powerlinetransceiver\output\SMOKEDETECTOR.OBJ)
     00h     0860h     087eh    001fh      CODE               _CalibrateOPA0 (c:\users\tech\desktop\powerlinetransceiver\output\SMOKEDETECTOR.OBJ)
     00h     087fh     089dh    001fh      CODE               _CalibrateOPA1 (c:\users\tech\desktop\powerlinetransceiver\output\SMOKEDETECTOR.OBJ)
     00h     089eh     08a2h    0005h      CODE               _ISINK0_ON (c:\users\tech\desktop\powerlinetransceiver\output\SMOKEDETECTOR.OBJ)
     00h     08a3h     08a7h    0005h      CODE               _ISINK1_ON (c:\users\tech\desktop\powerlinetransceiver\output\SMOKEDETECTOR.OBJ)
     00h     08a8h     08aah    0003h      CODE               _ISINK0_OFF (c:\users\tech\desktop\powerlinetransceiver\output\SMOKEDETECTOR.OBJ)
     00h     08abh     08adh    0003h      CODE               _ISINK1_OFF (c:\users\tech\desktop\powerlinetransceiver\output\SMOKEDETECTOR.OBJ)
     00h     08aeh     08b1h    0004h      CODE               _OPA_ON (c:\users\tech\desktop\powerlinetransceiver\output\SMOKEDETECTOR.OBJ)
     00h     08b2h     08b6h    0005h      CODE               _InitSmokeDetection (c:\users\tech\desktop\powerlinetransceiver\output\SMOKEDETECTOR.OBJ)
     00h     08b7h     08bah    0004h      CODE               _OPA_OFF (c:\users\tech\desktop\powerlinetransceiver\output\SMOKEDETECTOR.OBJ)
     00h     08bbh     08eeh    0034h      CODE               _CheckSmokeLevel (c:\users\tech\desktop\powerlinetransceiver\output\SMOKEDETECTOR.OBJ)
     00h     08efh     09feh    0110h      CODE               _GetTemperatureFromSteinhart (c:\users\tech\desktop\powerlinetransceiver\output\NTC.OBJ)
     00h     09ffh     0a86h    0088h      CODE               _temperature (c:\users\tech\desktop\powerlinetransceiver\output\NTC.OBJ)
     00h     0a87h     0a94h    000eh      CODE               _builtin_holtek_delay_isr00 (C:\Program Files\Holtek MCU Development Tools\HT-IDE3000V8.x\LIB\LIBHOLTEKGCC.LIB)
     00h     0a95h     0a9eh    000ah      CODE               __DELAYX (C:\Program Files\Holtek MCU Development Tools\HT-IDE3000V8.x\LIB\LIBHOLTEKGCC.LIB)
     00h     0a9fh     0d9ah    02fch      CODE               _log (C:\Program Files\Holtek MCU Development Tools\HT-IDE3000V8.x\LIB\v3_lmrsc.lib)
     00h     0d9bh     0e5bh    00c1h      CODE               _frexp (C:\Program Files\Holtek MCU Development Tools\HT-IDE3000V8.x\LIB\v3_lmrsc.lib)
     00h     0e5ch     0e5eh    0003h      CODE               _CROM2PROM (CROM2PROM)
     00h     0080h     0080h    0001h      DATA     101       @data_ra (C:\Program Files\Holtek MCU Development Tools\HT-IDE3000V8.x\LIB\LIBHOLTEKGCC.LIB)
     00h     0081h     0081h    0001h      DATA     122       @data_rb (C:\Program Files\Holtek MCU Development Tools\HT-IDE3000V8.x\LIB\LIBHOLTEKGCC.LIB)
     00h     0082h     0082h    0001h      DATA     109       @data_rc (C:\Program Files\Holtek MCU Development Tools\HT-IDE3000V8.x\LIB\LIBHOLTEKGCC.LIB)
     00h     0083h     0083h    0001h      DATA     136       @data_rd (C:\Program Files\Holtek MCU Development Tools\HT-IDE3000V8.x\LIB\LIBHOLTEKGCC.LIB)
     00h     0084h     0084h    0001h      DATA     132       @data_re (C:\Program Files\Holtek MCU Development Tools\HT-IDE3000V8.x\LIB\LIBHOLTEKGCC.LIB)
     00h     0085h     0085h    0001h      DATA     110       @data_rf (C:\Program Files\Holtek MCU Development Tools\HT-IDE3000V8.x\LIB\LIBHOLTEKGCC.LIB)
     00h     0086h     0086h    0001h      DATA     106       @data_rg (C:\Program Files\Holtek MCU Development Tools\HT-IDE3000V8.x\LIB\LIBHOLTEKGCC.LIB)
     00h     0087h     0087h    0001h      DATA     14        @data_rh (C:\Program Files\Holtek MCU Development Tools\HT-IDE3000V8.x\LIB\LIBHOLTEKGCC.LIB)
     00h     0088h     008dh    0006h      DATA     87.833    ftdata1 (C:\Program Files\Holtek MCU Development Tools\HT-IDE3000V8.x\LIB\LIBHOLTEKGCC.LIB)
     00h     008eh     0090h    0003h      DATA     63.667    dtdata (C:\Program Files\Holtek MCU Development Tools\HT-IDE3000V8.x\LIB\LIBHOLTEKGCC.LIB)
     00h     0091h     0097h    0007h      DATA     39.143    ftdata2 (C:\Program Files\Holtek MCU Development Tools\HT-IDE3000V8.x\LIB\LIBHOLTEKGCC.LIB)
     00h     0098h     0098h    0001h      DATA     2         @data_r138 (isr:ra~rh)
     00h     0099h     0099h    0001h      DATA     2         @data_r238 (isr:ra~rh)
     00h     009ah     009ah    0001h      DATA     2         @data_r104 (isr:ra~rh)
     00h     009bh     009bh    0001h      DATA     2         @data_r204 (isr:ra~rh)
     00h     00cdh     00cdh    0001h      DATA     5         @HCCINIT_AddresssValid (c:\users\tech\desktop\powerlinetransceiver\output\MAIN.OBJ)
     00h     00ceh     00cfh    0002h      DATA     3         @HCCINIT_PushButtonCounter (c:\users\tech\desktop\powerlinetransceiver\output\MAIN.OBJ)
     00h     00d0h     00d0h    0001h      DATA     3         @HCCINIT_pushButtonState (c:\users\tech\desktop\powerlinetransceiver\output\MAIN.OBJ)
     00h     00d1h     00d1h    0001h      DATA     3         @HCCINIT_Stat (c:\users\tech\desktop\powerlinetransceiver\output\MAIN.OBJ)
     00h     00d2h     00d3h    0002h      DATA     3         @HCCINIT___value_1962 (c:\users\tech\desktop\powerlinetransceiver\output\PLT.OBJ)
     00h     00d4h     00d5h    0002h      DATA     3         @HCCINIT___value_1933 (c:\users\tech\desktop\powerlinetransceiver\output\PLT.OBJ)
     00h     00d6h     00d7h    0002h      DATA     3         @HCCINIT___value_1922 (c:\users\tech\desktop\powerlinetransceiver\output\PLT.OBJ)
     00h     00d8h     00d9h    0002h      DATA     3         @HCCINIT___value_1911 (c:\users\tech\desktop\powerlinetransceiver\output\PLT.OBJ)
     00h     00dah     00dbh    0002h      DATA     3         @HCCINIT_VC0OS1 (c:\users\tech\desktop\powerlinetransceiver\output\PLT.OBJ)
     00h     00dch     00dch    0001h      DATA     2         @HCCINIT___DataValid_2081 (c:\users\tech\desktop\powerlinetransceiver\output\MAIN.OBJ)
     00h     00ddh     00ddh    0001h      DATA     2         @HCCINIT___index_2080 (c:\users\tech\desktop\powerlinetransceiver\output\MAIN.OBJ)
     00h     00deh     00dfh    0002h      DATA     2         @HCCINIT_VC0OS2 (c:\users\tech\desktop\powerlinetransceiver\output\PLT.OBJ)
     00h     00e0h     00e1h    0002h      DATA     2         @HCCINIT___TimeOutCounter_1890 (c:\users\tech\desktop\powerlinetransceiver\output\UART.OBJ)
     00h     00e2h     00e3h    0002h      DATA     1         @HCCINIT_VC2OS2 (c:\users\tech\desktop\powerlinetransceiver\output\PLT.OBJ)
     00h     00e4h     00e5h    0002h      DATA     1         @HCCINIT_VC2OS1 (c:\users\tech\desktop\powerlinetransceiver\output\PLT.OBJ)
     00h     00e6h     00e7h    0002h      DATA     1         @HCCINIT_VC1OS2 (c:\users\tech\desktop\powerlinetransceiver\output\PLT.OBJ)
     00h     00e8h     00e9h    0002h      DATA     1         @HCCINIT_VC1OS1 (c:\users\tech\desktop\powerlinetransceiver\output\PLT.OBJ)
     00h     00eah     00f3h    000ah      DATA     0.1       @HCCINIT___resiveBuffer_2079 (c:\users\tech\desktop\powerlinetransceiver\output\MAIN.OBJ)
     00h     00f4h     00f5h    0002h      DATA     0         @HCCINIT_i (c:\users\tech\desktop\powerlinetransceiver\output\MAIN.OBJ)
     00h     00f6h     00f7h    0002h      DATA     0         @HCCINIT_buffer_index (c:\users\tech\desktop\powerlinetransceiver\output\MAIN.OBJ)
     00h     00f8h     00f8h    0001h      DATA     2         @HCCINIT0_tx_busy (c:\users\tech\desktop\powerlinetransceiver\output\MAIN.OBJ)
     00h     00f9h     00fah    0002h      DATA     2         @HCCINIT0_frame (c:\users\tech\desktop\powerlinetransceiver\output\MAIN.OBJ)
     00h     00fbh     00fch    0002h      DATA     2         @HCCINIT0_errno (C:\Program Files\Holtek MCU Development Tools\HT-IDE3000V8.x\LIB\v3_lmrsc.lib)
     00h     00fdh     00feh    0002h      DATA     0         @HCCINIT0_Counter (c:\users\tech\desktop\powerlinetransceiver\output\MAIN.OBJ)
     01h     0080h     008bh    000ch      DATA     0         @HCCINIT0_buffer (c:\users\tech\desktop\powerlinetransceiver\output\MAIN.OBJ)
     01h     008ch     008dh    0002h      DATA     0         @HCCINIT0_temp (c:\users\tech\desktop\powerlinetransceiver\output\MAIN.OBJ)

     Local Sections

     Bank    Start     End      Length     Class    AvgIns    Name
     00h     00a0h     00a0h    0000h      LOCAL    0         @dummy (c:\users\tech\desktop\powerlinetransceiver\output\MAIN.OBJ)
     00h     009eh     009fh    0002h      LOCAL    6.5       _main (c:\users\tech\desktop\powerlinetransceiver\output\MAIN.OBJ)
     00h     009ch     009ch    0000h      LOCAL    0         _S_RCC_Init (c:\users\tech\desktop\powerlinetransceiver\output\RCC.OBJ)
     00h     009ch     009ch    0000h      LOCAL    0         _ADCInit (c:\users\tech\desktop\powerlinetransceiver\output\ADC.OBJ)
     00h     009ch     009ch    0000h      LOCAL    0         _S_GPIO_Init (c:\users\tech\desktop\powerlinetransceiver\output\GPIO.OBJ)
     00h     009ch     009ch    0000h      LOCAL    0         _IntrruptInit (c:\users\tech\desktop\powerlinetransceiver\output\INTERRUPT.OBJ)
     00h     009ch     009dh    0002h      LOCAL    2         _UART_Init (c:\users\tech\desktop\powerlinetransceiver\output\UART.OBJ)
     00h     009ch     009ch    0000h      LOCAL    0         _builtin_holtek_uitod (C:\Program Files\Holtek MCU Development Tools\HT-IDE3000V8.x\LIB\LIBHOLTEKGCC.LIB)
     00h     009ch     009ch    0000h      LOCAL    0         _builtin_holtek_dtmul (C:\Program Files\Holtek MCU Development Tools\HT-IDE3000V8.x\LIB\LIBHOLTEKGCC.LIB)
     00h     009ch     009ch    0000h      LOCAL    0         _builtin_holtek_dtdecode (C:\Program Files\Holtek MCU Development Tools\HT-IDE3000V8.x\LIB\LIBHOLTEKGCC.LIB)
     00h     009ch     009ch    0000h      LOCAL    0         _builtin_holtek_dtdiv (C:\Program Files\Holtek MCU Development Tools\HT-IDE3000V8.x\LIB\LIBHOLTEKGCC.LIB)
     00h     009ch     009ch    0000h      LOCAL    0         _builtin_holtek_dtsubadd (C:\Program Files\Holtek MCU Development Tools\HT-IDE3000V8.x\LIB\LIBHOLTEKGCC.LIB)
     00h     009ch     009ch    0000h      LOCAL    0         _builtin_holtek_dtol (C:\Program Files\Holtek MCU Development Tools\HT-IDE3000V8.x\LIB\LIBHOLTEKGCC.LIB)
     00h     009ch     009ch    0000h      LOCAL    0         _PLT0Init (c:\users\tech\desktop\powerlinetransceiver\output\PLT.OBJ)
     00h     009ch     009ch    0000h      LOCAL    0         _PLT0InputOffsetCalibration (c:\users\tech\desktop\powerlinetransceiver\output\PLT.OBJ)
     00h     009ch     009ch    0000h      LOCAL    0         _PLT0AmplifierInputOffsetCalibration (c:\users\tech\desktop\powerlinetransceiver\output\PLT.OBJ)
     00h     009ch     009ch    0000h      LOCAL    0         _PLT1Init (c:\users\tech\desktop\powerlinetransceiver\output\PLT.OBJ)
     00h     009ch     009ch    0000h      LOCAL    0         _PLT1InputOffsetCalibration (c:\users\tech\desktop\powerlinetransceiver\output\PLT.OBJ)
     00h     009ch     009ch    0000h      LOCAL    0         _PLTAInit (c:\users\tech\desktop\powerlinetransceiver\output\PLT.OBJ)
     00h     009ch     009ch    0000h      LOCAL    0         _PLTAInputOffsetCalibration (c:\users\tech\desktop\powerlinetransceiver\output\PLT.OBJ)
     00h     009dh     009dh    0000h      LOCAL    0         _InitSmokeDetection (c:\users\tech\desktop\powerlinetransceiver\output\SMOKEDETECTOR.OBJ)
     00h     009ch     009ch    0000h      LOCAL    0         _InitOPA (c:\users\tech\desktop\powerlinetransceiver\output\SMOKEDETECTOR.OBJ)
     00h     009dh     009dh    0000h      LOCAL    0         _CalibrateOPA0 (c:\users\tech\desktop\powerlinetransceiver\output\SMOKEDETECTOR.OBJ)
     00h     009ch     009ch    0001h      LOCAL    10        _builtin_holtek_delay_isr00 (C:\Program Files\Holtek MCU Development Tools\HT-IDE3000V8.x\LIB\LIBHOLTEKGCC.LIB)
     00h     009dh     009dh    0000h      LOCAL    0         _CalibrateOPA1 (c:\users\tech\desktop\powerlinetransceiver\output\SMOKEDETECTOR.OBJ)
     00h     009ch     009ch    0000h      LOCAL    0         _OPA_ON (c:\users\tech\desktop\powerlinetransceiver\output\SMOKEDETECTOR.OBJ)
     00h     009ch     009ch    0001h      LOCAL    2         _UART_Transmit (c:\users\tech\desktop\powerlinetransceiver\output\UART.OBJ)
     00h     009ch     009ch    0000h      LOCAL    0         _UART_ReceiveNonBlocking (c:\users\tech\desktop\powerlinetransceiver\output\UART.OBJ)
     00h     009ch     009dh    0002h      LOCAL    2.5       _UART_ReceiveString (c:\users\tech\desktop\powerlinetransceiver\output\MAIN.OBJ)
     00h     009ch     009ch    0000h      LOCAL    0         @dummy56 (c:\users\tech\desktop\powerlinetransceiver\output\INTERRUPT.OBJ)
     00h     009ch     009ch    0000h      LOCAL    0         _PLT1CompairISR (c:\users\tech\desktop\powerlinetransceiver\output\INTERRUPT.OBJ)
     00h     009ch     009ch    0000h      LOCAL    0         @dummy4 (c:\users\tech\desktop\powerlinetransceiver\output\INTERRUPT.OBJ)
     00h     009ch     009ch    0000h      LOCAL    0         _PLT0CompairISR (c:\users\tech\desktop\powerlinetransceiver\output\INTERRUPT.OBJ)
     00h     00a3h     00b6h    0014h      LOCAL    1.35      _PLT_SerialSend (c:\users\tech\desktop\powerlinetransceiver\output\PLTSERIALPROTOCOL.OBJ)
     00h     009ch     009ch    0000h      LOCAL    0         _Crom2Prom (CROM2PROM)
     00h     009ch     00a2h    0007h      LOCAL    2         _calculate_parity_and_checksum (c:\users\tech\desktop\powerlinetransceiver\output\PLTSERIALPROTOCOL.OBJ)
     00h     009ch     009ch    0001h      LOCAL    1         _EnableInterrupt (c:\users\tech\desktop\powerlinetransceiver\output\INTERRUPT.OBJ)
     00h     009dh     009dh    0000h      LOCAL    0         _PLT_HandelSerialTransmit (c:\users\tech\desktop\powerlinetransceiver\output\PLTSERIALPROTOCOL.OBJ)
     00h     009ch     009ch    0001h      LOCAL    1         _DisableInterrupt (c:\users\tech\desktop\powerlinetransceiver\output\INTERRUPT.OBJ)
     00h     009ch     009eh    0003h      LOCAL    1.6667    _UART_StringTransmit (c:\users\tech\desktop\powerlinetransceiver\output\UART.OBJ)
     00h     009dh     009eh    0002h      LOCAL    2         _CheckSmokeLevel (c:\users\tech\desktop\powerlinetransceiver\output\SMOKEDETECTOR.OBJ)
     00h     009ch     009ch    0000h      LOCAL    0         _ISINK0_ON (c:\users\tech\desktop\powerlinetransceiver\output\SMOKEDETECTOR.OBJ)
     00h     009ch     009ch    0000h      LOCAL    0         __DELAYX (C:\Program Files\Holtek MCU Development Tools\HT-IDE3000V8.x\LIB\LIBHOLTEKGCC.LIB)
     00h     009ch     009ch    0001h      LOCAL    1         _ReadADC (c:\users\tech\desktop\powerlinetransceiver\output\ADC.OBJ)
     00h     009ch     009ch    0000h      LOCAL    0         _ISINK0_OFF (c:\users\tech\desktop\powerlinetransceiver\output\SMOKEDETECTOR.OBJ)
     00h     009ch     009ch    0000h      LOCAL    0         _OPA_OFF (c:\users\tech\desktop\powerlinetransceiver\output\SMOKEDETECTOR.OBJ)
     00h     00c4h     00cch    0009h      LOCAL    1.7778    _temperature (c:\users\tech\desktop\powerlinetransceiver\output\NTC.OBJ)
     00h     009ch     009ch    0000h      LOCAL    0         _builtin_holtek_ftsubadd (C:\Program Files\Holtek MCU Development Tools\HT-IDE3000V8.x\LIB\LIBHOLTEKGCC.LIB)
     00h     009ch     009ch    0000h      LOCAL    0         _builtin_holtek_ftdecode (C:\Program Files\Holtek MCU Development Tools\HT-IDE3000V8.x\LIB\LIBHOLTEKGCC.LIB)
     00h     009ch     009ch    0000h      LOCAL    0         _builtin_holtek_ftdiv (C:\Program Files\Holtek MCU Development Tools\HT-IDE3000V8.x\LIB\LIBHOLTEKGCC.LIB)
     00h     009ch     009ch    0000h      LOCAL    0         _builtin_holtek_ftmul (C:\Program Files\Holtek MCU Development Tools\HT-IDE3000V8.x\LIB\LIBHOLTEKGCC.LIB)
     00h     00b9h     00c3h    000bh      LOCAL    3.4545    _GetTemperatureFromSteinhart (c:\users\tech\desktop\powerlinetransceiver\output\NTC.OBJ)
     00h     00abh     00b8h    000eh      LOCAL    13.286    _log (C:\Program Files\Holtek MCU Development Tools\HT-IDE3000V8.x\LIB\v3_lmrsc.lib)
     00h     009ch     00aah    000fh      LOCAL    3.3333    _frexp (C:\Program Files\Holtek MCU Development Tools\HT-IDE3000V8.x\LIB\v3_lmrsc.lib)
     00h     009ch     009ch    0000h      LOCAL    0         _builtin_holtek_itod (C:\Program Files\Holtek MCU Development Tools\HT-IDE3000V8.x\LIB\LIBHOLTEKGCC.LIB)

     Indepentent Local Sections

     Bank    Start     End      Length     Class    AvgIns    Name
     00h     009ch     009ch    0000h      ILOCAL   0         _S_Timebase_Init (c:\users\tech\desktop\powerlinetransceiver\output\RCC.OBJ)
     00h     009ch     009ch    0000h      ILOCAL   0         _TimerBaseInit (c:\users\tech\desktop\powerlinetransceiver\output\BTM.OBJ)
     00h     009ch     009ch    0000h      ILOCAL   0         _PTimerInit (c:\users\tech\desktop\powerlinetransceiver\output\PTM.OBJ)
     00h     009ch     009ch    0001h      ILOCAL   2         _PWMSeter (c:\users\tech\desktop\powerlinetransceiver\output\PTM.OBJ)
     00h     009ch     009ch    0000h      ILOCAL   0         _readPTimer (c:\users\tech\desktop\powerlinetransceiver\output\PTM.OBJ)
     00h     009ch     009ch    0000h      ILOCAL   0         _STimerInit (c:\users\tech\desktop\powerlinetransceiver\output\STM.OBJ)
     00h     009ch     009ch    0000h      ILOCAL   0         _readSTimer (c:\users\tech\desktop\powerlinetransceiver\output\STM.OBJ)
     00h     009ch     009ch    0000h      ILOCAL   0         _PLT0Recive (c:\users\tech\desktop\powerlinetransceiver\output\PLT.OBJ)
     00h     009ch     009ch    0000h      ILOCAL   0         _PLT1Recive (c:\users\tech\desktop\powerlinetransceiver\output\PLT.OBJ)
     00h     009ch     009dh    0002h      ILOCAL   0         _PLT_SerialInit (c:\users\tech\desktop\powerlinetransceiver\output\PLTSERIALPROTOCOL.OBJ)
     00h     009ch     009ch    0000h      ILOCAL   0         _UART_Receive (c:\users\tech\desktop\powerlinetransceiver\output\UART.OBJ)
     00h     009ch     009ch    0000h      ILOCAL   0         _UART_EnableInterrupts (c:\users\tech\desktop\powerlinetransceiver\output\UART.OBJ)
     00h     009ch     009ch    0000h      ILOCAL   0         _UART_DisableInterrupts (c:\users\tech\desktop\powerlinetransceiver\output\UART.OBJ)
     00h     009ch     009ch    0000h      ILOCAL   0         _InitISINK (c:\users\tech\desktop\powerlinetransceiver\output\SMOKEDETECTOR.OBJ)
     00h     009ch     009ch    0000h      ILOCAL   0         _TriggerAlarm (c:\users\tech\desktop\powerlinetransceiver\output\SMOKEDETECTOR.OBJ)
     00h     009ch     009ch    0000h      ILOCAL   0         _ResetAlarm (c:\users\tech\desktop\powerlinetransceiver\output\SMOKEDETECTOR.OBJ)
     00h     009ch     009ch    0000h      ILOCAL   0         _ISINK1_ON (c:\users\tech\desktop\powerlinetransceiver\output\SMOKEDETECTOR.OBJ)
     00h     009ch     009ch    0000h      ILOCAL   0         _ISINK1_OFF (c:\users\tech\desktop\powerlinetransceiver\output\SMOKEDETECTOR.OBJ)
     00h     009ch     009ch    0000h      ILOCAL   0         _builtin_holtek_dtnorm (C:\Program Files\Holtek MCU Development Tools\HT-IDE3000V8.x\LIB\LIBHOLTEKGCC.LIB)
     00h     009ch     009ch    0000h      ILOCAL   0         _builtin_holtek_ftnorm (C:\Program Files\Holtek MCU Development Tools\HT-IDE3000V8.x\LIB\LIBHOLTEKGCC.LIB)
     00h     009ch     009ch    0000h      ILOCAL   0         _builtin_holtek_dtinf (C:\Program Files\Holtek MCU Development Tools\HT-IDE3000V8.x\LIB\LIBHOLTEKGCC.LIB)
     00h     009ch     009ch    0000h      ILOCAL   0         _builtin_holtek_ftinf (C:\Program Files\Holtek MCU Development Tools\HT-IDE3000V8.x\LIB\LIBHOLTEKGCC.LIB)

     Public Symbols Information
     Address            Public by Name
     07cdh              _ADCInit
     00cdh              _AddresssValid
     0860h              _CalibrateOPA0
     087fh              _CalibrateOPA1
     08bbh              _CheckSmokeLevel
     00fdh              _Counter
     0e5dh              _Crom2Prom
     0e5ch              _Crom2PromNext
     03bah              _DisableInterrupt
     03ach              _EnableInterrupt
     08efh              _GetTemperatureFromSteinhart
     00b9h              _GetTemperatureFromSteinhart_2
     08a8h              _ISINK0_OFF
     089eh              _ISINK0_ON
     08abh              _ISINK1_OFF
     08a3h              _ISINK1_ON
     0852h              _InitISINK
     0845h              _InitOPA
     08b2h              _InitSmokeDetection
     03a8h              _IntrruptInit
     08b7h              _OPA_OFF
     08aeh              _OPA_ON
     057ch              _PLT0AmplifierInputOffsetCalibration
     03cdh              _PLT0CompairISR
     05dch              _PLT0Init
     0436h              _PLT0InputOffsetCalibration
     0572h              _PLT0Recive
     03c8h              _PLT1CompairISR
     0558h              _PLT1Init
     0497h              _PLT1InputOffsetCalibration
     0577h              _PLT1Recive
     0565h              _PLTAInit
     04f7h              _PLTAInputOffsetCalibration
     06bbh              _PLT_HandelSerialTransmit
     06b6h              _PLT_SerialInit
     0617h              _PLT_SerialSend
     00a3h              _PLT_SerialSend_2
     03d8h              _PTimerInit
     03f5h              _PWMSeter
     00ceh              _PushButtonCounter
     07d4h              _ReadADC
     0001h              _ResetAlarm
     0415h              _STimerInit
     0368h              _S_GPIO_Init
     0396h              _S_RCC_Init
     039ch              _S_Timebase_Init
     00d1h              _Stat
     03d2h              _TimerBaseInit
     0037h              _TriggerAlarm
     07bbh              _UART_DisableInterrupts
     07b5h              _UART_EnableInterrupts
     06eeh              _UART_Init
     0791h              _UART_Receive
     07ach              _UART_ReceiveNonBlocking
     034bh              _UART_ReceiveString
     0774h              _UART_StringTransmit
     076eh              _UART_Transmit
     00dah              _VC0OS1
     00deh              _VC0OS2
     00e8h              _VC1OS1
     00e6h              _VC1OS2
     00e4h              _VC2OS1
     00e2h              _VC2OS2
     0a9bh              __DELAYX0
     0a9ah              __DELAYX1
     0a99h              __DELAYX2
     0a98h              __DELAYX3
     0a97h              __DELAYX4
     0a96h              __DELAYX5
     0a95h              __DELAYX6
     0a8ch              __DELAYY0_isr00
     0a8bh              __DELAYY1_isr00
     0a8ah              __DELAYY2_isr00
     0a89h              __DELAYY3_isr00
     0a88h              __DELAYY4_isr00
     0a87h              __DELAYY5_isr00
     0180h              _buffer
     00f6h              _buffer_index
     00dbh              _builtin_holtek_dtadd
     021ch              _builtin_holtek_dtdecode1
     0211h              _builtin_holtek_dtdecode2
     009dh              _builtin_holtek_dtdiv
     0258h              _builtin_holtek_dtinf
     005dh              _builtin_holtek_dtmul
     01ddh              _builtin_holtek_dtnorm
     0117h              _builtin_holtek_dtol
     00d9h              _builtin_holtek_dtsub
     0224h              _builtin_holtek_dtzero
     0227h              _builtin_holtek_dtzero1
     008bh              _builtin_holtek_exp1
     0094h              _builtin_holtek_exp2
     008dh              _builtin_holtek_floatflag
     0144h              _builtin_holtek_ftadd
     002bh              _builtin_holtek_ftdecode1
     0021h              _builtin_holtek_ftdecode2
     0176h              _builtin_holtek_ftdiv
     025fh              _builtin_holtek_ftinf
     01a8h              _builtin_holtek_ftmul
     0229h              _builtin_holtek_ftnorm
     0142h              _builtin_holtek_ftsub
     0033h              _builtin_holtek_ftzero
     0035h              _builtin_holtek_ftzero1
     0265h              _builtin_holtek_itod
     0088h              _builtin_holtek_mant1
     008eh              _builtin_holtek_mant12p
     0091h              _builtin_holtek_mant2
     0095h              _builtin_holtek_prod
     008ch              _builtin_holtek_signs
     026eh              _builtin_holtek_uitod
     05e9h              _calculate_parity_and_checksum
     00a0h              _calculate_parity_and_checksum_2
     00fbh              _errno
     00f9h              _frame
     0d9bh              _frexp
     00f4h              _i
     0a9fh              _log
     00b7h              _log_2
     0273h              _main
     00d0h              _pushButtonState
     0408h              _readPTimer
     0429h              _readSTimer
     018ch              _temp
     09ffh              _temperature
     00c4h              _temperature_2
     00f8h              _tx_busy
     009ah              r104
     0098h              r138
     009bh              r204
     0099h              r238
     0080h              ra
     0081h              rb
     0082h              rc
     0083h              rd
     0084h              re
     0085h              rf
     0086h              rg
     0087h              rh
     0007h              startup_value_1

     Address            Public by Value
     0001h              _ResetAlarm
     0007h              startup_value_1
     0021h              _builtin_holtek_ftdecode2
     002bh              _builtin_holtek_ftdecode1
     0033h              _builtin_holtek_ftzero
     0035h              _builtin_holtek_ftzero1
     0037h              _TriggerAlarm
     005dh              _builtin_holtek_dtmul
     0080h              ra
     0081h              rb
     0082h              rc
     0083h              rd
     0084h              re
     0085h              rf
     0086h              rg
     0087h              rh
     0088h              _builtin_holtek_mant1
     008bh              _builtin_holtek_exp1
     008ch              _builtin_holtek_signs
     008dh              _builtin_holtek_floatflag
     008eh              _builtin_holtek_mant12p
     0091h              _builtin_holtek_mant2
     0094h              _builtin_holtek_exp2
     0095h              _builtin_holtek_prod
     0098h              r138
     0099h              r238
     009ah              r104
     009bh              r204
     009dh              _builtin_holtek_dtdiv
     00a0h              _calculate_parity_and_checksum_2
     00a3h              _PLT_SerialSend_2
     00b7h              _log_2
     00b9h              _GetTemperatureFromSteinhart_2
     00c4h              _temperature_2
     00cdh              _AddresssValid
     00ceh              _PushButtonCounter
     00d0h              _pushButtonState
     00d1h              _Stat
     00d9h              _builtin_holtek_dtsub
     00dah              _VC0OS1
     00dbh              _builtin_holtek_dtadd
     00deh              _VC0OS2
     00e2h              _VC2OS2
     00e4h              _VC2OS1
     00e6h              _VC1OS2
     00e8h              _VC1OS1
     00f4h              _i
     00f6h              _buffer_index
     00f8h              _tx_busy
     00f9h              _frame
     00fbh              _errno
     00fdh              _Counter
     0117h              _builtin_holtek_dtol
     0142h              _builtin_holtek_ftsub
     0144h              _builtin_holtek_ftadd
     0176h              _builtin_holtek_ftdiv
     0180h              _buffer
     018ch              _temp
     01a8h              _builtin_holtek_ftmul
     01ddh              _builtin_holtek_dtnorm
     0211h              _builtin_holtek_dtdecode2
     021ch              _builtin_holtek_dtdecode1
     0224h              _builtin_holtek_dtzero
     0227h              _builtin_holtek_dtzero1
     0229h              _builtin_holtek_ftnorm
     0258h              _builtin_holtek_dtinf
     025fh              _builtin_holtek_ftinf
     0265h              _builtin_holtek_itod
     026eh              _builtin_holtek_uitod
     0273h              _main
     034bh              _UART_ReceiveString
     0368h              _S_GPIO_Init
     0396h              _S_RCC_Init
     039ch              _S_Timebase_Init
     03a8h              _IntrruptInit
     03ach              _EnableInterrupt
     03bah              _DisableInterrupt
     03c8h              _PLT1CompairISR
     03cdh              _PLT0CompairISR
     03d2h              _TimerBaseInit
     03d8h              _PTimerInit
     03f5h              _PWMSeter
     0408h              _readPTimer
     0415h              _STimerInit
     0429h              _readSTimer
     0436h              _PLT0InputOffsetCalibration
     0497h              _PLT1InputOffsetCalibration
     04f7h              _PLTAInputOffsetCalibration
     0558h              _PLT1Init
     0565h              _PLTAInit
     0572h              _PLT0Recive
     0577h              _PLT1Recive
     057ch              _PLT0AmplifierInputOffsetCalibration
     05dch              _PLT0Init
     05e9h              _calculate_parity_and_checksum
     0617h              _PLT_SerialSend
     06b6h              _PLT_SerialInit
     06bbh              _PLT_HandelSerialTransmit
     06eeh              _UART_Init
     076eh              _UART_Transmit
     0774h              _UART_StringTransmit
     0791h              _UART_Receive
     07ach              _UART_ReceiveNonBlocking
     07b5h              _UART_EnableInterrupts
     07bbh              _UART_DisableInterrupts
     07cdh              _ADCInit
     07d4h              _ReadADC
     0845h              _InitOPA
     0852h              _InitISINK
     0860h              _CalibrateOPA0
     087fh              _CalibrateOPA1
     089eh              _ISINK0_ON
     08a3h              _ISINK1_ON
     08a8h              _ISINK0_OFF
     08abh              _ISINK1_OFF
     08aeh              _OPA_ON
     08b2h              _InitSmokeDetection
     08b7h              _OPA_OFF
     08bbh              _CheckSmokeLevel
     08efh              _GetTemperatureFromSteinhart
     09ffh              _temperature
     0a87h              __DELAYY5_isr00
     0a88h              __DELAYY4_isr00
     0a89h              __DELAYY3_isr00
     0a8ah              __DELAYY2_isr00
     0a8bh              __DELAYY1_isr00
     0a8ch              __DELAYY0_isr00
     0a95h              __DELAYX6
     0a96h              __DELAYX5
     0a97h              __DELAYX4
     0a98h              __DELAYX3
     0a99h              __DELAYX2
     0a9ah              __DELAYX1
     0a9bh              __DELAYX0
     0a9fh              _log
     0d9bh              _frexp
     0e5ch              _Crom2PromNext
     0e5dh              _Crom2Prom


ROM Usage Statistics
     Size      Used     Percentage
     1000h     0e5dh    89%

RAM Usage Statistics
    Bank      Size      Used     Percentage
     00h       0080h     007fh    99%
     01h       0080h     000eh    10%
     Total     0100h     008dh    55%

Use Stack Count
_main: 3
_UART_ReceiveString: 1
_PLT1CompairISR: 0
_PLT0CompairISR: 0
_PLT_SerialSend: 2
_PLT_HandelSerialTransmit: 1
_UART_StringTransmit: 1
_CheckSmokeLevel: 2
_temperature: 5

Call Tree
    @dummy
        _main (0)
            _S_RCC_Init (1)
            _ADCInit (1)
            _S_GPIO_Init (1)
            _IntrruptInit (1)
            _UART_Init (1)
                _builtin_holtek_uitod (2)
                _builtin_holtek_dtmul (2)
                    _builtin_holtek_dtdecode (3)
                _builtin_holtek_dtdiv (2)
                    _builtin_holtek_dtdecode (3)
                _builtin_holtek_dtsubadd (2)
                    _builtin_holtek_dtdecode (3)
                _builtin_holtek_dtol (2)
                    _builtin_holtek_dtdecode (3)
            _PLT0Init (1)
                _PLT0InputOffsetCalibration (2)
                _PLT0AmplifierInputOffsetCalibration (2)
            _PLT1Init (1)
                _PLT1InputOffsetCalibration (2)
            _PLTAInit (1)
                _PLTAInputOffsetCalibration (2)
            _InitSmokeDetection (1)
                _InitOPA (2)
                _CalibrateOPA0 (2)
                    _builtin_holtek_delay_isr00 (3)
                _CalibrateOPA1 (2)
                    _builtin_holtek_delay_isr00 (3)
                _OPA_ON (2)
            _builtin_holtek_delay_isr00 (1)
            _UART_Transmit (1)
            _UART_ReceiveNonBlocking (1)
    _UART_ReceiveString
        _UART_ReceiveNonBlocking (0)
    @dummy56
        _PLT1CompairISR (0)
    @dummy4
        _PLT0CompairISR (0)
    _PLT_SerialSend
        _Crom2Prom (0)
        _calculate_parity_and_checksum (0)
            _Crom2Prom (1)
        _EnableInterrupt (0)
    _PLT_HandelSerialTransmit
        _Crom2Prom (0)
        _Crom2Prom (0)
        _DisableInterrupt (0)
    _UART_StringTransmit
        _Crom2Prom (0)
    _CheckSmokeLevel
        _OPA_ON (0)
        _ISINK0_ON (0)
        __DELAYX (0)
        _ReadADC (0)
            __DELAYX (1)
        _ISINK0_OFF (0)
        _OPA_OFF (0)
        _builtin_holtek_delay_isr00 (0)
        _Crom2Prom (0)
        _Crom2Prom (0)
    _temperature
        _builtin_holtek_uitod (0)
        _builtin_holtek_dtdiv (0)
            _builtin_holtek_dtdecode (1)
        _builtin_holtek_dtmul (0)
            _builtin_holtek_dtdecode (1)
        _builtin_holtek_ftsubadd (0)
            _builtin_holtek_ftdecode (1)
        _builtin_holtek_ftdiv (0)
            _builtin_holtek_ftdecode (1)
        _builtin_holtek_ftmul (0)
            _builtin_holtek_ftdecode (1)
        _GetTemperatureFromSteinhart (0)
            _log (1)
                _builtin_holtek_dtsubadd (2)
                    _builtin_holtek_dtdecode (3)
                _frexp (2)
                    _builtin_holtek_dtsubadd (3)
                        _builtin_holtek_dtdecode (4)
                    _builtin_holtek_dtmul (3)
                        _builtin_holtek_dtdecode (4)
                    _builtin_holtek_itod (3)
                _builtin_holtek_dtsubadd (2)
                    _builtin_holtek_dtdecode (3)
                _builtin_holtek_dtdiv (2)
                    _builtin_holtek_dtdecode (3)
                _builtin_holtek_dtmul (2)
                    _builtin_holtek_dtdecode (3)
                _builtin_holtek_itod (2)
            _builtin_holtek_dtmul (1)
                _builtin_holtek_dtdecode (2)
            _builtin_holtek_dtsubadd (1)
                _builtin_holtek_dtdecode (2)
            _builtin_holtek_dtdiv (1)
                _builtin_holtek_dtdecode (2)
            _builtin_holtek_dtsubadd (1)
                _builtin_holtek_dtdecode (2)

HLINK: Program entry point at section '@code' (address 0) of file 'c:\users\tech\desktop\powerlinetransceiver\output\MAIN.OBJ'

Total 0 error(s), Total 0 Warning(s)
